<?xml version="1.0" encoding="UTF-8"?>
<testsuites name="Mocha Tests" time="7.3900" tests="4" failures="0">
  <testsuite name="Root Suite" timestamp="2022-09-14T21:21:52" tests="0" file="cypress\e2e\test\Suites\GX-468\Account.LoginLogout.cy.js" time="0.0000" failures="0">
  </testsuite>
  <testsuite name="(L1) SpaceBeyond | Account | Log-In and Log-Out" timestamp="2022-09-14T21:21:52" tests="4" time="7.3630" failures="0">
    <testcase name="US-GX-474 | TC1: Validar iniciar sesión exitosamente cuando las credenciales son válidas" time="2.2070" classname="(L1) SpaceBeyond | Account | Log-In and Log-Out US-GX-474 | TC1: Validar iniciar sesión exitosamente cuando las credenciales son válidas">
    </testcase>
    <testcase name="US-GX-474 | TC2: Validar NO poder iniciar sesión cuando el campo Name vacío" time="0.8510" classname="(L1) SpaceBeyond | Account | Log-In and Log-Out US-GX-474 | TC2: Validar NO poder iniciar sesión cuando el campo Name vacío">
    </testcase>
    <testcase name="US-GX-474 | TC3: Validar NO poder iniciar sesión cuando el campo Password vacío" time="0.6440" classname="(L1) SpaceBeyond | Account | Log-In and Log-Out US-GX-474 | TC3: Validar NO poder iniciar sesión cuando el campo Password vacío">
    </testcase>
    <testcase name="US-GX-474 | TC4: Validar salir de sesión exitosamente luego de haber iniciado sesión" time="1.1760" classname="(L1) SpaceBeyond | Account | Log-In and Log-Out US-GX-474 | TC4: Validar salir de sesión exitosamente luego de haber iniciado sesión">
    </testcase>
  </testsuite>
</testsuites>